RemoteEndpoint unavailable, current state [CLOSED], expecting [OPEN or CONNECTED]RemoteEndpoint unavailable, current state [CLOSED], expecting [OPEN or CONNECTED]RemoteEndpoint unavailable, current state [CLOSED], expecting [OPEN or CONNECTED]